Frontend/App.tsx(19,6): error TS2769: No overload matches this call.
  Overload 1 of 2, '(props: Omit<DefaultRouterOptions<string> & { children: ReactNode; layout?: (props: { state: TabNavigationState<ParamListBase>; navigation: NavigationHelpers<...>; descriptors: Record<...>; children: ReactNode; }) => ReactElement<...>; ... 4 more ...; UNSTABLE_routeNamesChangeBehavior?: "firstMatch" | "lastUnhandled"; } & { ...; } & DefaultRouterOptions & { ...; } & BottomTabNavigationConfig, "children" | ... 7 more ... | "UNSTABLE_routeNamesChangeBehavior"> & DefaultRouterOptions<...> & { ...; } & { ...; }, context?: any): string | ... 6 more ... | Component<...>', gave the following error.
    Property 'id' is missing in type '{ children: Element[]; }' but required in type '{ id: string; }'.
  Overload 2 of 2, '(props: Omit<DefaultRouterOptions<string> & { children: ReactNode; layout?: (props: { state: TabNavigationState<ParamListBase>; navigation: NavigationHelpers<...>; descriptors: Record<...>; children: ReactNode; }) => ReactElement<...>; ... 4 more ...; UNSTABLE_routeNamesChangeBehavior?: "firstMatch" | "lastUnhandled"; } & { ...; } & DefaultRouterOptions & { ...; } & BottomTabNavigationConfig, "children" | ... 7 more ... | "UNSTABLE_routeNamesChangeBehavior"> & DefaultRouterOptions<...> & { ...; } & { ...; }): string | ... 6 more ... | Component<...>', gave the following error.
    Property 'id' is missing in type '{ children: Element[]; }' but required in type '{ id: string; }'.
Frontend/App.tsx(32,8): error TS2769: No overload matches this call.
  Overload 1 of 2, '(props: Omit<DefaultRouterOptions<string> & { children: ReactNode; layout?: (props: { state: StackNavigationState<ParamListBase>; navigation: NavigationHelpers<...>; descriptors: Record<...>; children: ReactNode; }) => ReactElement<...>; ... 4 more ...; UNSTABLE_routeNamesChangeBehavior?: "firstMatch" | "lastUnhandled"; } & { ...; } & StackRouterOptions & StackNavigationConfig, "children" | ... 7 more ... | "UNSTABLE_routeNamesChangeBehavior"> & DefaultRouterOptions<...> & { ...; } & { ...; }, context?: any): string | ... 6 more ... | Component<...>', gave the following error.
    Property 'id' is missing in type '{ children: Element[]; screenOptions: { headerShown: false; }; }' but required in type '{ id: string; }'.
  Overload 2 of 2, '(props: Omit<DefaultRouterOptions<string> & { children: ReactNode; layout?: (props: { state: StackNavigationState<ParamListBase>; navigation: NavigationHelpers<...>; descriptors: Record<...>; children: ReactNode; }) => ReactElement<...>; ... 4 more ...; UNSTABLE_routeNamesChangeBehavior?: "firstMatch" | "lastUnhandled"; } & { ...; } & StackRouterOptions & StackNavigationConfig, "children" | ... 7 more ... | "UNSTABLE_routeNamesChangeBehavior"> & DefaultRouterOptions<...> & { ...; } & { ...; }): string | ... 6 more ... | Component<...>', gave the following error.
    Property 'id' is missing in type '{ children: Element[]; screenOptions: { headerShown: false; }; }' but required in type '{ id: string; }'.
Frontend/store/courseStore.ts(1,24): error TS2307: Cannot find module 'zustand' or its corresponding type declarations.
